<?xml version="1.0" encoding="UTF-8"?>
<testsuites name="jest tests" tests="5" failures="0" errors="0" time="0.205">
  <testsuite name="Calculator" errors="0" failures="0" skipped="0" timestamp="2024-12-26T18:58:26" time="0.116" tests="4">
    <testcase classname="Calculator adds two numbers correctly" name="Calculator adds two numbers correctly" time="0.002">
    </testcase>
    <testcase classname="Calculator subtracts two numbers correctly" name="Calculator subtracts two numbers correctly" time="0">
    </testcase>
    <testcase classname="Calculator multiplies two numbers correctly" name="Calculator multiplies two numbers correctly" time="0">
    </testcase>
    <testcase classname="Calculator divides two numbers correctly" name="Calculator divides two numbers correctly" time="0">
    </testcase>
  </testsuite>
  <testsuite name="Failing Tests" errors="0" failures="0" skipped="0" timestamp="2024-12-26T18:58:26" time="0.056" tests="1">
    <testcase classname="Failing Tests this test will fail" name="Failing Tests this test will fail" time="0.001">
    </testcase>
  </testsuite>
</testsuites>